2026-08-29 15:58:46,378 2604 WARNING ? odoo.tools.config: missing --http-interface/http_interface, using 0.0.0.0 by default, will change to 127.0.0.1 in 20.0 
2026-08-29 15:58:46,380 2604 INFO ? odoo: Odoo version 19.0 
2026-08-29 15:58:46,381 2604 INFO ? odoo: Using configuration file at c:\users\lucas\desktop\code\bdl odoo\odoo\odoo.conf 
2026-08-29 15:58:46,382 2604 INFO ? odoo: addons paths: _NamespacePath(['C:\\Users\\lucas\\Desktop\\code\\BDL odoo\\odoo\\odoo\\addons', 'C:\\Users\\lucas\\AppData\\Local\\OpenERP S.A.\\Odoo\\addons\\19.0', 'c:\\users\\lucas\\desktop\\code\\bdl odoo\\odoo\\addons', 'c:\\users\\lucas\\desktop\\code\\bdl odoo\\odoo\\addons_caen']) 
2026-08-29 15:58:46,382 2604 INFO ? odoo: database: odoo19@localhost:5432 
2026-08-29 15:58:49,092 2604 INFO ? odoo.service.server: HTTP service (werkzeug) running on DESKTOP-JT6V52Q:8069 
2026-08-29 15:58:49,440 2604 INFO bdl_odoo odoo.modules.loading: loading 1 modules... 
2026-08-29 15:58:49,448 2604 INFO bdl_odoo odoo.modules.loading: 1 modules loaded in 0.01s, 0 queries (+0 extra) 
2026-08-29 15:58:49,563 2604 INFO bdl_odoo odoo.modules.loading: loading 48 modules... 
2026-08-29 15:58:55,201 2604 INFO bdl_odoo odoo.modules.loading: 48 modules loaded in 5.64s, 0 queries (+0 extra) 
2026-08-29 15:58:55,949 2604 INFO bdl_odoo odoo.tools.version_tag_reset: Detected tp_versions_used at offset 410, reset enabled 
2026-08-29 15:58:55,960 2604 INFO bdl_odoo odoo.modules.loading: Modules loaded. 
2026-08-29 15:58:56,139 2604 INFO bdl_odoo odoo.registry: Registry loaded in 7.042s 
2026-08-29 15:59:02,938 2604 INFO bdl_odoo odoo.addons.base.models.ir_http: Generating routing map for key None 
2026-08-29 15:59:04,523 2604 INFO bdl_odoo werkzeug: 127.0.0.1 - - [29/Aug/2026 15:59:04] "GET /web/login HTTP/1.1" 200 - 54 0.236 1.357
2026-08-29 15:59:47,521 2604 INFO bdl_odoo werkzeug: 127.0.0.1 - - [29/Aug/2026 15:59:47] "POST /web/webclient/version_info HTTP/1.1" 200 - 2 0.019 0.010
2026-08-29 15:59:56,519 2604 INFO bdl_odoo odoo.addons.base.models.ir_cron: Job 'Notification: Notify scheduled messages' (8) starting 
2026-08-29 15:59:56,940 2604 INFO bdl_odoo odoo.addons.base.models.ir_cron: Job 'Notification: Notify scheduled messages' (8) fully done (#loop 1; done 0; remaining 0; duration 0.42s) 
2026-08-29 15:59:57,036 2604 INFO bdl_odoo odoo.addons.base.models.ir_cron: Job 'Mail: Email Queue Manager' (3) starting 
2026-08-29 15:59:57,107 2604 INFO bdl_odoo odoo.addons.mail.models.mail_mail: Processing email queue with send limit of '1000' 
2026-08-29 15:59:57,149 2604 INFO bdl_odoo odoo.addons.base.models.ir_cron: Job 'Mail: Email Queue Manager' (3) fully done (#loop 1; done 0; remaining 0; duration 0.11s) 
2026-08-29 16:01:50,839 2604 INFO bdl_odoo werkzeug: 127.0.0.1 - - [29/Aug/2026 16:01:50] "GET /web/login HTTP/1.1" 200 - 3 0.030 0.926
2026-08-29 16:01:56,178 2604 WARNING bdl_odoo odoo.service.server: Thread <Thread(odoo.service.http.request.9872, started 9872)> virtual real time limit (128/120s) reached. 
2026-08-29 16:01:56,185 2604 INFO bdl_odoo odoo.service.server: Dumping stacktrace of limit exceeding threads before reloading 
2026-08-29 16:01:56,651 2604 INFO bdl_odoo odoo.tools.misc: 
# Thread: <Thread(odoo.service.http.request.9872, started 9872)> (db:n/a) (uid:n/a) (url:n/a) (qc:n/a qt:n/a pt:n/a)
File: "C:\Users\lucas\AppData\Local\Programs\Python\Python313\Lib\threading.py", line 1015, in _bootstrap
  self._bootstrap_inner()
File: "C:\Users\lucas\AppData\Local\Programs\Python\Python313\Lib\threading.py", line 1044, in _bootstrap_inner
  self.run()
File: "C:\Users\lucas\AppData\Local\Programs\Python\Python313\Lib\threading.py", line 995, in run
  self._target(*self._args, **self._kwargs)
File: "C:\Users\lucas\AppData\Local\Programs\Python\Python313\Lib\socketserver.py", line 697, in process_request_thread
  self.finish_request(request, client_address)
File: "C:\Users\lucas\AppData\Local\Programs\Python\Python313\Lib\socketserver.py", line 362, in finish_request
  self.RequestHandlerClass(request, client_address, self)
File: "C:\Users\lucas\Desktop\code\BDL odoo\odoo\odoo\service\server.py", line 132, in __init__
  super().__init__(*args, **kwargs)
File: "C:\Users\lucas\AppData\Local\Programs\Python\Python313\Lib\socketserver.py", line 766, in __init__
  self.handle()
File: "C:\Users\lucas\Desktop\code\BDL odoo\odoo\venv\Lib\site-packages\werkzeug\serving.py", line 390, in handle
  super().handle()
File: "C:\Users\lucas\AppData\Local\Programs\Python\Python313\Lib\http\server.py", line 447, in handle
  self.handle_one_request()
File: "C:\Users\lucas\AppData\Local\Programs\Python\Python313\Lib\http\server.py", line 415, in handle_one_request
  self.raw_requestline = self.rfile.readline(65537)
File: "C:\Users\lucas\AppData\Local\Programs\Python\Python313\Lib\socket.py", line 719, in readinto
  return self._sock.recv_into(b) 
